Restore Archived Project report for lab4
Fri Mar 16 19:56:05 2018
Quartus II 32-bit Version 13.0.1 Build 232 06/12/2013 Service Pack 1 SJ Full Version


---------------------
; Table of Contents ;
---------------------
  1. Legal Notice
  2. Restore Archived Project Summary
  3. Restore Archived Project Messages
  4. Files Restored
  5. Files Not Restored



----------------
; Legal Notice ;
----------------
Copyright (C) 1991-2013 Altera Corporation
Your use of Altera Corporation's design tools, logic functions 
and other software and tools, and its AMPP partner logic 
functions, and any output files from any of the foregoing 
(including device programming or simulation files), and any 
associated documentation or information are expressly subject 
to the terms and conditions of the Altera Program License 
Subscription Agreement, Altera MegaCore Function License 
Agreement, or other applicable license agreement, including, 
without limitation, that your use is for the sole purpose of 
programming logic devices manufactured by Altera and sold by 
Altera or its authorized distributors.  Please refer to the 
applicable agreement for further details.



+-------------------------------------------------------------------------+
; Restore Archived Project Summary                                        ;
+---------------------------------+---------------------------------------+
; Restore Archived Project Status ; Successful - Fri Mar 16 19:56:05 2018 ;
; Revision Name                   ; lab4                                  ;
; Top-level Entity Name           ; lab4                                  ;
; Family                          ; Cyclone II                            ;
+---------------------------------+---------------------------------------+


+-----------------------------------+
; Restore Archived Project Messages ;
+-----------------------------------+
Info: Successfully restored 'C:/Users/xuh12/Downloads/lab4/lab4.qar' into the 'C:/Users/xuh12/Downloads/lab4/SoPC/' directory
Info: Generated report 'lab4.restore.rpt'
Info (23030): Evaluation of Tcl script c:/altera/13.0sp1/quartus/common/tcl/apps/qpm/qar.tcl was successful
Info: Quartus II 32-bit Shell was successful. 0 errors, 0 warnings
    Info: Peak virtual memory: 237 megabytes
    Info: Processing ended: Fri Mar 16 19:56:05 2018
    Info: Elapsed time: 00:00:02
    Info: Total CPU time (on all processors): 00:00:01


+-------------------------------+
; Files Restored                ;
+-------------------------------+
; File Name                     ;
+-------------------------------+
; SRAM_Controller.v             ;
; __lab4.auto.qarlog            ;
; assignment_defaults.qdf       ;
; lab4.qpf                      ;
; lab4.qsf                      ;
; lab4.v                        ;
; lab4_assignment_defaults.qdf  ;
; output_files/lab4.archive.rpt ;
; output_files/lab4.flow.rpt    ;
; output_files/lab4.map.rpt     ;
; output_files/lab4.map.summary ;
; output_files/lab4.restore.rpt ;
+-------------------------------+


+--------------------+
; Files Not Restored ;
+--------------------+
; File Name          ;
+--------------------+


